22:03:26 **** Incremental Build of configuration Debug for project blinky ****
make -j16 all 
arm-none-eabi-gcc "../Core/Src/main.c" -mcpu=cortex-m4 -std=gnu11 -g3 -DDEBUG -DUSE_HAL_DRIVER -DSTM32F446xx -c -I../Core/Inc -I../Drivers/STM32F4xx_HAL_Driver/Inc -I../Drivers/STM32F4xx_HAL_Driver/Inc/Legacy -I../Drivers/CMSIS/Device/ST/STM32F4xx/Include -I../Drivers/CMSIS/Include -O0 -ffunction-sections -fdata-sections -Wall -fstack-usage -fcyclomatic-complexity -MMD -MP -MF"Core/Src/main.d" -MT"Core/Src/main.o" --specs=nano.specs -mfpu=fpv4-sp-d16 -mfloat-abi=hard -mthumb -o "Core/Src/main.o"
arm-none-eabi-gcc -o "blinky.elf" @"objects.list"   -mcpu=cortex-m4 -T"C:\Users\Harshdeep Singh\Engineering_Projects\STM_Projects\stm32-bootloader\blinky\STM32F446RETX_FLASH.ld" --specs=nosys.specs -Wl,-Map="blinky.map" -Wl,--gc-sections -static --specs=nano.specs -mfpu=fpv4-sp-d16 -mfloat-abi=hard -mthumb -Wl,--start-group -lc -lm -Wl,--end-group
Finished building target: blinky.elf
 
arm-none-eabi-size  blinky.elf 
arm-none-eabi-objdump -h -S blinky.elf  > "blinky.list"
   text	   data	    bss	    dec	    hex	filename
   9296	     12	   1644	  10952	   2ac8	blinky.elf
Finished building: default.size.stdout
 
Finished building: blinky.list
 

22:03:26 Build Finished. 0 errors, 0 warnings. (took 761ms)

