23:50:11 **** Incremental Build of configuration Debug for project bootloader ****
make -j16 all 
arm-none-eabi-gcc "../Core/Src/main.c" -mcpu=cortex-m4 -std=gnu11 -g3 -DDEBUG -DUSE_HAL_DRIVER -DSTM32F446xx -c -I../Core/Inc -I../Drivers/STM32F4xx_HAL_Driver/Inc -I../Drivers/STM32F4xx_HAL_Driver/Inc/Legacy -I../Drivers/CMSIS/Device/ST/STM32F4xx/Include -I../Drivers/CMSIS/Include -O0 -ffunction-sections -fdata-sections -Wall -fstack-usage -fcyclomatic-complexity -MMD -MP -MF"Core/Src/main.d" -MT"Core/Src/main.o" --specs=nano.specs -mfpu=fpv4-sp-d16 -mfloat-abi=hard -mthumb -o "Core/Src/main.o"
arm-none-eabi-gcc -o "bootloader.elf" @"objects.list"   -mcpu=cortex-m4 -T"C:\Users\Harshdeep Singh\Engineering_Projects\STM_Projects\stm32-bootloader\bootloader\STM32F446RETX_FLASH.ld" --specs=nosys.specs -Wl,-Map="bootloader.map" -Wl,--gc-sections -static --specs=nano.specs -mfpu=fpv4-sp-d16 -mfloat-abi=hard -mthumb -Wl,--start-group -lc -lm -Wl,--end-group
Finished building target: bootloader.elf
 
arm-none-eabi-size  bootloader.elf 
arm-none-eabi-objdump -h -S bootloader.elf  > "bootloader.list"
   text	   data	    bss	    dec	    hex	filename
  10336	     12	   1644	  11992	   2ed8	bootloader.elf
Finished building: default.size.stdout
 
Finished building: bootloader.list
 
23:50:14 **** Incremental Build of configuration Debug for project bootloader ****
make -j16 all 
arm-none-eabi-size  bootloader.elf 
   text	   data	    bss	    dec	    hex	filename
  10336	     12	   1644	  11992	   2ed8	bootloader.elf
Finished building: default.size.stdout
 
