19:14:22 **** Incremental Build of configuration Debug for project app ****
make -j16 all 
arm-none-eabi-gcc "../Core/Src/main.c" -mcpu=cortex-m4 -std=gnu11 -g3 -DDEBUG -DUSE_HAL_DRIVER -DSTM32F446xx -c -I../Core/Inc -I../Drivers/STM32F4xx_HAL_Driver/Inc -I../Drivers/STM32F4xx_HAL_Driver/Inc/Legacy -I../Drivers/CMSIS/Device/ST/STM32F4xx/Include -I../Drivers/CMSIS/Include -O0 -ffunction-sections -fdata-sections -Wall -fstack-usage -fcyclomatic-complexity -MMD -MP -MF"Core/Src/main.d" -MT"Core/Src/main.o" --specs=nano.specs -mfpu=fpv4-sp-d16 -mfloat-abi=hard -mthumb -o "Core/Src/main.o"
../Core/Src/main.c: In function 'main':
../Core/Src/main.c:100:7: warning: unused variable 'len' [-Wunused-variable]
  100 |   int len = snprintf(buffer,sizeof(buffer),"%u\r\n",num);
      |       ^~~
arm-none-eabi-gcc -o "app.elf" @"objects.list"   -mcpu=cortex-m4 -T"C:\Users\Harshdeep Singh\Engineering_Projects\STM_Projects\stm32-bootloader\app\STM32F446RETX_FLASH.ld" --specs=nosys.specs -Wl,-Map="app.map" -Wl,--gc-sections -static --specs=nano.specs -mfpu=fpv4-sp-d16 -mfloat-abi=hard -mthumb -Wl,--start-group -lc -lm -Wl,--end-group
Finished building target: app.elf
 
arm-none-eabi-size  app.elf 
arm-none-eabi-objdump -h -S app.elf  > "app.list"
   text	   data	    bss	    dec	    hex	filename
  12004	     92	   1972	  14068	   36f4	app.elf
arm-none-eabi-objcopy  -O binary app.elf  "app.bin"
Finished building: default.size.stdout
 
Finished building: app.bin
 
Finished building: app.list
 
19:17:19 **** Incremental Build of configuration Debug for project app ****
make -j16 all 
arm-none-eabi-size  app.elf 
   text	   data	    bss	    dec	    hex	filename
  12004	     92	   1972	  14068	   36f4	app.elf
Finished building: default.size.stdout
 
